SQL> Select * from Patient Join App_Pat_relation On (App_Pat_relation.P_ID = Patient.P_ID ) Join App On (App_Pat_relation.App_ID = App.App_ID) Where App_Time = '2019,24th Jan,12:00';

P_ID                                               P_NAME                                             P_CATEGORY                                                                                        
-------------------------------------------------- -------------------------------------------------- --------------------------------------------------                                                
APP_ID                                             P_ID                                               S_ID                                                                                              
-------------------------------------------------- -------------------------------------------------- --------------------------------------------------                                                
APP_ID                                             APP_CHARGE                                         APP_TIME                                                                                          
-------------------------------------------------- -------------------------------------------------- --------------------------------------------------                                                
COMMISSION                                                                                                                                                                                              
--------------------------------------------------                                                                                                                                                      
104                                                Nishant Chetri                                     Old patient                                                                                       
A4                                                 104                                                S4                                                                                                
A4                                                 20000                                              2019,24th Jan,12:00                                                                               
10%                                                                                                                                                                                                     
                                                                                                                                                                                                        

SQL> spool off
